// Jest Snapshot v1, https://goo.gl/fbAQLP

exports[`Pruenas en <RealExample/> debe mostrarse correctamente 1`] = `
<div>
  <h1>
    Real
  </h1>
  <hr />
  <button
    className="btn btn-primary mt-5"
    onClick={[Function]}
  >
    Show/hide
  </button>
</div>
`;
