// Jest Snapshot v1, https://goo.gl/fbAQLP

exports[`Pruebas en <MultipleCustom/> debe de mostrarse correctamente 1`] = `
<div>
  <h1>
    Breaking bas Quotes
  </h1>
  <hr />
  <div
    className="alert alert-info text-center"
  >
    Loading....
  </div>
  <button
    className="btn btn-primary"
    onClick={[Function]}
  >
    Siguiente
  </button>
</div>
`;
