// Jest Snapshot v1, https://goo.gl/fbAQLP

exports[`Prueba para <GifGridItem/> Debe mostrar el componente correctamente  1`] = `
<div
  className="card animate__animated animate__fadeIn"
>
  <img
    alt="Un titulo"
    src="http"
  />
  <p>
    Un titulo
  </p>
</div>
`;
